// Jest Snapshot v1, https://goo.gl/fbAQLP

exports[`Body should render layout 1`] = `
<View
  style={undefined}
>
  <TestComponent
    defaultStyles={
      Object {
        "justifyContent": "flex-start",
      }
    }
  />
  <TestComponent
    defaultStyles={
      Object {
        "justifyContent": "center",
      }
    }
  />
  <TestComponent
    defaultStyles={
      Object {
        "justifyContent": "flex-end",
      }
    }
  />
</View>
`;
